LTspice 24.1.1 for Windows
Circuit: C:\Users\zayin\OneDrive - Syddansk Universitet\Desktop\Expert in Teams - AI Deputy\Simulations\load switch for pd trigger\PMOS_Load_switch_backtoback_sim.net
Start Time: Sun Dec 14 23:16:38 2025
solver = Normal
Maximum thread count: 12
tnom = 27
temp = 27
method = modified trap
C:\Users\zayin\OneDrive - Syddansk Universitet\Desktop\Expert in Teams - AI Deputy\Simulations\load switch for pd trigger\PMOS_Load_switch_backtoback_sim.net(3): Limiting rise time to 4.5e-07.

V2 NC_03 NC_04 PULSE(0 3.3 0 0 0 4.5u 9u)
^^^^^^^^^^^^^^^^^^^^^^^^^^^^^^^^^^^^^^^^^
C:\Users\zayin\OneDrive - Syddansk Universitet\Desktop\Expert in Teams - AI Deputy\Simulations\load switch for pd trigger\PMOS_Load_switch_backtoback_sim.net(3): Limiting fall time to 4.5e-07.

V2 NC_03 NC_04 PULSE(0 3.3 0 0 0 4.5u 9u)
^^^^^^^^^^^^^^^^^^^^^^^^^^^^^^^^^^^^^^^^^
C:\Users\zayin\OneDrive - Syddansk Universitet\Desktop\Expert in Teams - AI Deputy\Simulations\load switch for pd trigger\PMOS_Load_switch_backtoback_sim.net(17): Limiting rise time to 1e-06.

V5 N002 0 PULSE(0 3.3 0 0 0 10u 20u)
^^^^^^^^^^^^^^^^^^^^^^^^^^^^^^^^^^^^
C:\Users\zayin\OneDrive - Syddansk Universitet\Desktop\Expert in Teams - AI Deputy\Simulations\load switch for pd trigger\PMOS_Load_switch_backtoback_sim.net(17): Limiting fall time to 1e-06.

V5 N002 0 PULSE(0 3.3 0 0 0 10u 20u)
^^^^^^^^^^^^^^^^^^^^^^^^^^^^^^^^^^^^
WARNING: Node nc_02 is floating.
WARNING: Node nc_04 is floating.
WARNING: Node nc_12 is floating.

Direct Newton iteration for .op point succeeded.
Total elapsed time: 0.071 seconds.

Files loaded:
C:\Users\zayin\OneDrive - Syddansk Universitet\Desktop\Expert in Teams - AI Deputy\Simulations\load switch for pd trigger\PMOS_Load_switch_backtoback_sim.net
C:\Users\zayin\OneDrive - Syddansk Universitet\Desktop\Expert in Teams - AI Deputy\Simulations\load switch for pd trigger\DMP3098LSD.lib

